/quast-5.3.0/quast.py /data/results/flye_assembly/assembly.fasta -o /data/results/quast_report

Version: 5.3.0

System information:
  OS: Linux-6.18.33.2-microsoft-standard-WSL2-x86_64-with-glibc2.35 (linux_64)
  Python version: 3.10.12
  CPUs number: 4

Started: 2026-07-27 15:09:10

Logging to /data/results/quast_report/quast.log
NOTICE: Maximum number of threads is set to 1 (use --threads option to set it manually)

CWD: /data
Main parameters: 
  MODE: default, threads: 1, min contig length: 500, min alignment length: 65, min alignment IDY: 95.0, \
  ambiguity: one, min local misassembly length: 200, min extensive misassembly length: 1000

Contigs:
  Pre-processing...
  /data/results/flye_assembly/assembly.fasta ==> assembly

2026-07-27 15:09:11
Running Basic statistics processor...
  Contig files: 
    assembly
  Calculating N50 and L50...
    assembly, N50 = 5306074, L50 = 1, auN = 4786246.7, Total length = 5896333, GC % = 56.79, # N's per 100 kbp =  0.00
  Drawing Nx plot...
    saved to /data/results/quast_report/basic_stats/Nx_plot.pdf
  Drawing cumulative plot...
    saved to /data/results/quast_report/basic_stats/cumulative_plot.pdf
  Drawing GC content plot...
    saved to /data/results/quast_report/basic_stats/GC_content_plot.pdf
  Drawing assembly GC content plot...
    saved to /data/results/quast_report/basic_stats/assembly_GC_content_plot.pdf
Done.

NOTICE: Genes are not predicted by default. Use --gene-finding or --glimmer option to enable it.

2026-07-27 15:09:12
Creating large visual summaries...
This may take a while: press Ctrl-C to skip this step..
  1 of 2: Creating PDF with all tables and plots...
  2 of 2: Creating Icarus viewers...
Done

2026-07-27 15:09:13
RESULTS:
  Text versions of total report are saved to /data/results/quast_report/report.txt, report.tsv, and report.tex
  Text versions of transposed total report are saved to /data/results/quast_report/transposed_report.txt, transposed_report.tsv, and transposed_report.tex
  HTML version (interactive tables and plots) is saved to /data/results/quast_report/report.html
  PDF version (tables and plots) is saved to /data/results/quast_report/report.pdf
  Icarus (contig browser) is saved to /data/results/quast_report/icarus.html
  Log is saved to /data/results/quast_report/quast.log

Finished: 2026-07-27 15:09:13
Elapsed time: 0:00:02.462415
NOTICEs: 2; WARNINGs: 0; non-fatal ERRORs: 0

Thank you for using QUAST!
